==============================================================================
Tests                                                                         
==============================================================================
Tests.testDemo5 :: To Validate the login form                                 
==============================================================================
Invalid username                                                      | PASS |
------------------------------------------------------------------------------
Invalid password                                                      | PASS |
------------------------------------------------------------------------------
special characters                                                    | PASS |
------------------------------------------------------------------------------
Login with user notestcasenameuser and password notestcasenamepwd     | PASS |
------------------------------------------------------------------------------
Tests.testDemo5 :: To Validate the login form                         | PASS |
4 tests, 4 passed, 0 failed
==============================================================================
Tests                                                                 | PASS |
4 tests, 4 passed, 0 failed
==============================================================================
Output:  C:\Users\VARUN\Desktop\Varun_Personal\RobotFramework_2022\Tests\pabot_results\4\output.xml
