==============================================================================
Tests                                                                         
==============================================================================
Tests.testDemo2 :: To Validate the login form and check if shop page is loa...
==============================================================================
Validate Unsuccessful login                                           | PASS |
------------------------------------------------------------------------------
Validate cards display in the shop page                               | PASS |
------------------------------------------------------------------------------
Select the form and navigate to alert popup                           | PASS |
------------------------------------------------------------------------------
Tests.testDemo2 :: To Validate the login form and check if shop pa... | PASS |
3 tests, 3 passed, 0 failed
==============================================================================
Tests                                                                 | PASS |
3 tests, 3 passed, 0 failed
==============================================================================
Output:  C:\Users\VARUN\Desktop\Varun_Personal\RobotFramework_2022\Tests\pabot_results\1\output.xml
