==============================================================================
Tests                                                                         
==============================================================================
Tests.testDemo4 :: To Validate the login form                                 
==============================================================================
Invalid username                                                      | PASS |
------------------------------------------------------------------------------
Invalid password                                                      | PASS |
------------------------------------------------------------------------------
special characters                                                    | PASS |
------------------------------------------------------------------------------
Tests.testDemo4 :: To Validate the login form                         | PASS |
3 tests, 3 passed, 0 failed
==============================================================================
Tests                                                                 | PASS |
3 tests, 3 passed, 0 failed
==============================================================================
Output:  C:\Users\VARUN\Desktop\Varun_Personal\RobotFramework_2022\Tests\pabot_results\3\output.xml
